    Finished `dev` profile [unoptimized + debuginfo] target(s) in 0.24s
     Running `target/debug/app`
[2026-04-30T07:04:07Z ERROR wgpu::backend::wgpu_core] Handling wgpu errors as fatal by default

thread 'main' (747285) panicked at /home/coder/.cargo/registry/src/index.crates.io-1949cf8c6b5b557f/wgpu-29.0.1/src/backend/wgpu_core.rs:2653:18:
wgpu error: Validation Error

Caused by:
  In a CommandEncoder, label = 'Render Encoder'
    In a draw command, kind: Draw
      The current set RenderPipeline with '' label expects a BindGroup to be set at index 1


note: run with `RUST_BACKTRACE=1` environment variable to display a backtrace

thread 'main' (747285) panicked at /home/coder/.cargo/registry/src/index.crates.io-1949cf8c6b5b557f/wgpu-hal-29.0.1/src/vulkan/swapchain/native.rs:359:58:
Trying to destroy a SwapchainAcquireSemaphore that is still in use by a SurfaceTexture
stack backtrace:
   0:     0x5555591893f2 - std::backtrace_rs::backtrace::libunwind::trace::h650f3484750cac6f
                               at /rustc/e408947bfd200af42db322daf0fadfe7e26d3bd1/library/std/src/../../backtrace/src/backtrace/libunwind.rs:117:9
   1:     0x5555591893f2 - std::backtrace_rs::backtrace::trace_unsynchronized::hee951f78e969ac04
                               at /rustc/e408947bfd200af42db322daf0fadfe7e26d3bd1/library/std/src/../../backtrace/src/backtrace/mod.rs:66:14
   2:     0x5555591893f2 - std::sys::backtrace::_print_fmt::hb210b023f6e87be7
                               at /rustc/e408947bfd200af42db322daf0fadfe7e26d3bd1/library/std/src/sys/backtrace.rs:74:9
   3:     0x5555591893f2 - <std::sys::backtrace::BacktraceLock::print::DisplayBacktrace as core::fmt::Display>::fmt::hdadc7c28d26d7ce3
                               at /rustc/e408947bfd200af42db322daf0fadfe7e26d3bd1/library/std/src/sys/backtrace.rs:44:26
   4:     0x55555919d6fa - core::fmt::rt::Argument::fmt::hca43ba1468fa0a13
                               at /rustc/e408947bfd200af42db322daf0fadfe7e26d3bd1/library/core/src/fmt/rt.rs:152:76
   5:     0x55555919d6fa - core::fmt::write::h469843d235cc4241
   6:     0x555559151fd6 - std::io::default_write_fmt::h2cd531246bd479c8
                               at /rustc/e408947bfd200af42db322daf0fadfe7e26d3bd1/library/std/src/io/mod.rs:639:11
   7:     0x555559151fd6 - std::io::Write::write_fmt::h384251ddb7f1467c
                               at /rustc/e408947bfd200af42db322daf0fadfe7e26d3bd1/library/std/src/io/mod.rs:1994:13
   8:     0x5555591656d9 - std::sys::backtrace::BacktraceLock::print::hb91bd19c9b07a6b2
                               at /rustc/e408947bfd200af42db322daf0fadfe7e26d3bd1/library/std/src/sys/backtrace.rs:47:9
   9:     0x5555591656d9 - std::panicking::default_hook::{{closure}}::hd9d92b9a46805102
                               at /rustc/e408947bfd200af42db322daf0fadfe7e26d3bd1/library/std/src/panicking.rs:292:27
  10:     0x555559165539 - std::panicking::default_hook::hedb2be0819bbe276
                               at /rustc/e408947bfd200af42db322daf0fadfe7e26d3bd1/library/std/src/panicking.rs:319:9
  11:     0x5555591659cb - std::panicking::panic_with_hook::h0fc23abecf35c6bd
                               at /rustc/e408947bfd200af42db322daf0fadfe7e26d3bd1/library/std/src/panicking.rs:825:13
  12:     0x555559165798 - std::panicking::panic_handler::{{closure}}::ha111c1a3ccf85d19
                               at /rustc/e408947bfd200af42db322daf0fadfe7e26d3bd1/library/std/src/panicking.rs:698:13
  13:     0x55555915f509 - std::sys::backtrace::__rust_end_short_backtrace::h41d63216e1ba5fa4
                               at /rustc/e408947bfd200af42db322daf0fadfe7e26d3bd1/library/std/src/sys/backtrace.rs:182:18
  14:     0x55555914601d - __rustc[16f1505adc47261a]::rust_begin_unwind
                               at /rustc/e408947bfd200af42db322daf0fadfe7e26d3bd1/library/std/src/panicking.rs:689:5
  15:     0x5555591a879c - core::panicking::panic_fmt::hc13412975f563dde
                               at /rustc/e408947bfd200af42db322daf0fadfe7e26d3bd1/library/core/src/panicking.rs:80:14
  16:     0x5555591a7994 - core::panicking::panic_display::hf89d1e363c64e27c
                               at /rustc/e408947bfd200af42db322daf0fadfe7e26d3bd1/library/core/src/panicking.rs:259:5
  17:     0x5555591a7994 - core::option::expect_failed::h43c1a7258492ee05
                               at /rustc/e408947bfd200af42db322daf0fadfe7e26d3bd1/library/core/src/option.rs:2208:5
  18:     0x55555871fa1d - core::option::Option<T>::expect::h751cee71af429898
                               at /rustc/e408947bfd200af42db322daf0fadfe7e26d3bd1/library/core/src/option.rs:971:21
  19:     0x555558770dd8 - <wgpu_hal::vulkan::swapchain::native::NativeSwapchain as wgpu_hal::vulkan::swapchain::Swapchain>::release_resources::hcffe2ef782755542
                               at /home/coder/.cargo/registry/src/index.crates.io-1949cf8c6b5b557f/wgpu-hal-29.0.1/src/vulkan/swapchain/native.rs:359:58
  20:     0x55555863b2b1 - wgpu_hal::vulkan::instance::<impl wgpu_hal::Surface for wgpu_hal::vulkan::Surface>::unconfigure::h995ef96914252521
                               at /home/coder/.cargo/registry/src/index.crates.io-1949cf8c6b5b557f/wgpu-hal-29.0.1/src/vulkan/instance.rs:1018:25
  21:     0x55555839ea39 - <S as wgpu_hal::dynamic::surface::DynSurface>::unconfigure::h15f0d2e13c911fc4
                               at /home/coder/.cargo/registry/src/index.crates.io-1949cf8c6b5b557f/wgpu-hal-29.0.1/src/dynamic/surface.rs:50:18
  22:     0x5555584bb748 - <wgpu_core::instance::Surface as core::ops::drop::Drop>::drop::h3a47a8ebd51e4016
                               at /home/coder/.cargo/registry/src/index.crates.io-1949cf8c6b5b557f/wgpu-core-29.0.1/src/instance.rs:669:38
  23:     0x5555585df8e7 - core::ptr::drop_in_place<wgpu_core::instance::Surface>::hb49a70050728acea
                               at /rustc/e408947bfd200af42db322daf0fadfe7e26d3bd1/library/core/src/ptr/mod.rs:805:1
  24:     0x555558491632 - alloc::sync::Arc<T,A>::drop_slow::h59172ebd81e6a02e
                               at /rustc/e408947bfd200af42db322daf0fadfe7e26d3bd1/library/alloc/src/sync.rs:2120:18
  25:     0x555558495d40 - <alloc::sync::Arc<T,A> as core::ops::drop::Drop>::drop::hb4e8aa24e49a90d3
                               at /rustc/e408947bfd200af42db322daf0fadfe7e26d3bd1/library/alloc/src/sync.rs:2854:18
  26:     0x5555585e74eb - core::ptr::drop_in_place<alloc::sync::Arc<wgpu_core::instance::Surface>>::hf4ca448a6f6d3e47
                               at /rustc/e408947bfd200af42db322daf0fadfe7e26d3bd1/library/core/src/ptr/mod.rs:805:1
  27:     0x55555845c891 - wgpu_core::instance::<impl wgpu_core::global::Global>::surface_drop::hfe9c83898b61f4e4
                               at /home/coder/.cargo/registry/src/index.crates.io-1949cf8c6b5b557f/wgpu-core-29.0.1/src/instance.rs:1092:33
  28:     0x55555828cdf6 - <wgpu::backend::wgpu_core::CoreSurface as core::ops::drop::Drop>::drop::h5f1be48c746f1c3b
                               at /home/coder/.cargo/registry/src/index.crates.io-1949cf8c6b5b557f/wgpu-29.0.1/src/backend/wgpu_core.rs:3943:24
  29:     0x5555582ba8e7 - core::ptr::drop_in_place<wgpu::backend::wgpu_core::CoreSurface>::hce58aeea78fafa2c
                               at /rustc/e408947bfd200af42db322daf0fadfe7e26d3bd1/library/core/src/ptr/mod.rs:805:1
  30:     0x55555829e8e2 - alloc::sync::Arc<T,A>::drop_slow::h995a7e8909a44e5f
                               at /rustc/e408947bfd200af42db322daf0fadfe7e26d3bd1/library/alloc/src/sync.rs:2120:18
  31:     0x55555829f330 - <alloc::sync::Arc<T,A> as core::ops::drop::Drop>::drop::h25ce54e5b25a8455
                               at /rustc/e408947bfd200af42db322daf0fadfe7e26d3bd1/library/alloc/src/sync.rs:2854:18
  32:     0x5555582bc2cb - core::ptr::drop_in_place<alloc::sync::Arc<wgpu::backend::wgpu_core::CoreSurface>>::h1f11aac3a806963b
                               at /rustc/e408947bfd200af42db322daf0fadfe7e26d3bd1/library/core/src/ptr/mod.rs:805:1
  33:     0x5555582ba2c9 - core::ptr::drop_in_place<wgpu::dispatch::DispatchSurface>::he7a085d434621e81
                               at /rustc/e408947bfd200af42db322daf0fadfe7e26d3bd1/library/core/src/ptr/mod.rs:805:1
  34:     0x55555641cae7 - core::ptr::drop_in_place<wgpu::api::surface::Surface>::habae72f6e6f6fe96
                               at /rustc/e408947bfd200af42db322daf0fadfe7e26d3bd1/library/core/src/ptr/mod.rs:805:1
  35:     0x5555563fd8f7 - core::ptr::drop_in_place<app_core::Gpu>::h9c74d90012f3fb9a
                               at /rustc/e408947bfd200af42db322daf0fadfe7e26d3bd1/library/core/src/ptr/mod.rs:805:1
  36:     0x5555563fdb2e - core::ptr::drop_in_place<app_core::Renderer>::h277adff296c598a5
                               at /rustc/e408947bfd200af42db322daf0fadfe7e26d3bd1/library/core/src/ptr/mod.rs:805:1
  37:     0x5555563fdf5c - core::ptr::drop_in_place<core::option::Option<app_core::Renderer>>::h018969c948f82e9f
                               at /rustc/e408947bfd200af42db322daf0fadfe7e26d3bd1/library/core/src/ptr/mod.rs:805:1
  38:     0x555556398d7c - core::ptr::drop_in_place<app_core::App>::h65c3556cdcded958
                               at /rustc/e408947bfd200af42db322daf0fadfe7e26d3bd1/library/core/src/ptr/mod.rs:805:1
  39:     0x555556390d7d - app::main::h1687427f24d1bfa5
                               at /home/coder/project/src/main.rs:7:1
  40:     0x55555639717b - core::ops::function::FnOnce::call_once::h8785481540272688
                               at /rustc/e408947bfd200af42db322daf0fadfe7e26d3bd1/library/core/src/ops/function.rs:250:5
  41:     0x5555563da8ee - std::sys::backtrace::__rust_begin_short_backtrace::h2cbf9f01d615ae6a
                               at /rustc/e408947bfd200af42db322daf0fadfe7e26d3bd1/library/std/src/sys/backtrace.rs:166:18
  42:     0x55555636dd51 - std::rt::lang_start::{{closure}}::h632c2714d471bd3e
                               at /rustc/e408947bfd200af42db322daf0fadfe7e26d3bd1/library/std/src/rt.rs:206:18
  43:     0x555559153f96 - core::ops::function::impls::<impl core::ops::function::FnOnce<A> for &F>::call_once::h8efc7cb5100ba425
                               at /rustc/e408947bfd200af42db322daf0fadfe7e26d3bd1/library/core/src/ops/function.rs:287:21
  44:     0x555559153f96 - std::panicking::catch_unwind::do_call::hd88510648a5228a9
                               at /rustc/e408947bfd200af42db322daf0fadfe7e26d3bd1/library/std/src/panicking.rs:581:40
  45:     0x555559153f96 - std::panicking::catch_unwind::h173471a751c46510
                               at /rustc/e408947bfd200af42db322daf0fadfe7e26d3bd1/library/std/src/panicking.rs:544:19
  46:     0x555559153f96 - std::panic::catch_unwind::hdc57eacbe554a86b
                               at /rustc/e408947bfd200af42db322daf0fadfe7e26d3bd1/library/std/src/panic.rs:359:14
  47:     0x555559153f96 - std::rt::lang_start_internal::{{closure}}::h9ab091ff07a457f7
                               at /rustc/e408947bfd200af42db322daf0fadfe7e26d3bd1/library/std/src/rt.rs:175:24
  48:     0x555559153f96 - std::panicking::catch_unwind::do_call::h3ebf6a66f77c4aa3
                               at /rustc/e408947bfd200af42db322daf0fadfe7e26d3bd1/library/std/src/panicking.rs:581:40
  49:     0x555559153f96 - std::panicking::catch_unwind::h1b18fb35dcd25d34
                               at /rustc/e408947bfd200af42db322daf0fadfe7e26d3bd1/library/std/src/panicking.rs:544:19
  50:     0x555559153f96 - std::panic::catch_unwind::h7de96059216a6851
                               at /rustc/e408947bfd200af42db322daf0fadfe7e26d3bd1/library/std/src/panic.rs:359:14
  51:     0x555559153f96 - std::rt::lang_start_internal::hc68d929ebd5f7eea
                               at /rustc/e408947bfd200af42db322daf0fadfe7e26d3bd1/library/std/src/rt.rs:171:5
  52:     0x55555636dd37 - std::rt::lang_start::hb9e909827b30b4e7
                               at /rustc/e408947bfd200af42db322daf0fadfe7e26d3bd1/library/std/src/rt.rs:205:5
  53:     0x555556390f1e - main
  54:     0x7ffff7c2b285 - __libc_start_call_main
  55:     0x7ffff7c2b338 - __libc_start_main_alias_2
  56:     0x555556368585 - _start
  57:                0x0 - <unknown>
